// Jest Snapshot v1, https://goo.gl/fbAQLP

exports[`render list 1`] = `
<div
  className="container"
>
  <hr />
  <h3>
    a
  </h3>
  <h3>
    b
  </h3>
  <h3>
    c
  </h3>
</div>
`;
